// Jest Snapshot v1, https://goo.gl/fbAQLP

exports[`Components :: Add Movie unit tests: Snapshot Test :: "AddMovie" component 1`] = `
<form
  onSubmit={[Function]}
>
  <div
    className="modalContainerItem"
    data-testid="modalContainerItem"
  >
    <h3>
      Add movie
    </h3>
  </div>
  <div
    className="modalContainerItem"
  >
    <div
      className="field"
    >
      <label>
        <span
          className="fieldLabelText"
        >
          Title
        </span>
        <input
          className=" input "
          id="title"
          name="title"
          onChange={[Function]}
          onKeyDown={[Function]}
          placeholder="Title here"
          type="text"
          value=""
        />
      </label>
    </div>
  </div>
  <div
    className="modalContainerItem"
  >
    <div
      className="field"
    >
      <label>
        <span
          className="fieldLabelText"
        >
          Release Date
        </span>
        <input
          className=" input "
          id="selectDate"
          name="selectDate"
          onChange={[Function]}
          onKeyDown={[Function]}
          placeholder="Select Date"
          type="date"
          value=""
        />
      </label>
    </div>
  </div>
  <div
    className="modalContainerItem"
  >
    <div
      className="field"
    >
      <label>
        <span
          className="fieldLabelText"
        >
          Movie URL
        </span>
        <input
          className=" input "
          id="movieURL"
          name="movieURL"
          onChange={[Function]}
          onKeyDown={[Function]}
          placeholder="Movie URL here"
          type="text"
          value=""
        />
      </label>
    </div>
  </div>
  <div
    className="modalContainerItem"
  >
    <div
      className="field"
    >
      <div>
        <span
          className="fieldLabelText"
        >
          Genre
        </span>
        <div
          className="  dropdown "
        >
          <div
            className="dropdownInput"
          >
            <div
              className="dropdownPlaceholder"
            >
              Select genre
            </div>
            <div
              className="dropdownInputButton dropdownInputButtonUp"
              onClick={[Function]}
            />
          </div>
        </div>
      </div>
    </div>
  </div>
  <div
    className="modalContainerItem"
  >
    <div
      className="field"
    >
      <label>
        <span
          className="fieldLabelText"
        >
          Overview
        </span>
        <input
          className=" input "
          id="overview"
          name="overview"
          onChange={[Function]}
          onKeyDown={[Function]}
          placeholder="Overview here"
          type="text"
          value=""
        />
      </label>
    </div>
  </div>
  <div
    className="modalContainerItem"
  >
    <div
      className="field"
    >
      <label>
        <span
          className="fieldLabelText"
        >
          Runtime
        </span>
        <input
          className=" input "
          id="runtime"
          name="runtime"
          onChange={[Function]}
          onKeyDown={[Function]}
          placeholder="Runtime here"
          type="text"
          value=""
        />
      </label>
    </div>
  </div>
  <div
    className="modalFooter"
    data-testid="formButtons"
  >
    <button
      className="modalFooterButton button kind-alt"
      onClick={[Function]}
      type="button"
    >
      Reset
    </button>
    <button
      className="modalFooterButton button kind-main"
      onClick={[Function]}
      type="submit"
    >
      Submit
    </button>
  </div>
</form>
`;
